// Jest Snapshot v1, https://goo.gl/fbAQLP

exports[`export class export-class.add-member 1`] = `
"export class Foo {
  static foo: number;

  Test(a: number, b: string) {
    return a.toString() + b;
  }

}"
`;
