// Jest Snapshot v1, https://goo.gl/fbAQLP

exports[`method to class method 1`] = `
"Test(a: number, b: string) {
  return a.toString() + b;
}"
`;
